html/From 7th Karmpa text collections/Rigzhung Jamtso/T0058_RJ_1.html
html/From 7th Karmpa text collections/Rigzhung Jamtso/T0058_RJ_2.html
html/From 7th Karmpa text collections/Rigzhung Jamtso/T0058_RJ_3.html
html/From 7th Karmpa text collections/Rigzhung Jamtso/T0058_RJ_4.html
html/From 8th Karmapa text collections/Dhadjud Drupshing/Dagyud Drupshing.html
html/From 8th Karmapa text collections/Drubdhe Chidjo/DC_001.html
html/From 8th Karmapa text collections/Drubdhe Chidjo/DC_002.html
html/From 8th Karmapa text collections/Dulwa/NK_001.html
html/From 8th Karmapa text collections/Dulwa/NK_002.html
html/From 8th Karmapa text collections/Dulwa/NK_003.html
html/From 8th Karmapa text collections/Sherchin/JN_1.html
html/From 8th Karmapa text collections/Sherchin/JN_2.html
html/Mahamudra text collection from Indian Masters/1_OM_Chakchen text collection.html
html/Mahamudra text collection from Indian Masters/2_AH_Chakchen text collection.html
html/Mahamudra text collection from Indian Masters/3_HUM_Chakchen text collection.html